// Jest Snapshot v1, https://goo.gl/fbAQLP

exports[`<Toggle /> it should render 1`] = `
.c0 {
  background: #eee;
  border-color: #d5d5d5;
  border-style: solid;
  border-width: 0;
  color: #555;
}

.c0:hover {
  background: #d5d5d5;
}

<input
  className="c0"
  color="default"
  type="checkbox"
/>
`;
